debug_assertions
emscripten_wasm_eh
fmt_debug="full"
overflow_checks
panic="abort"
relocation_model="pic"
target_abi=""
target_arch="aarch64"
target_endian="little"
target_env=""
target_feature="neon"
target_has_atomic
target_has_atomic="128"
target_has_atomic="16"
target_has_atomic="32"
target_has_atomic="64"
target_has_atomic="8"
target_has_atomic="ptr"
target_has_atomic_equal_alignment="128"
target_has_atomic_equal_alignment="16"
target_has_atomic_equal_alignment="32"
target_has_atomic_equal_alignment="64"
target_has_atomic_equal_alignment="8"
target_has_atomic_equal_alignment="ptr"
target_has_atomic_load_store
target_has_atomic_load_store="128"
target_has_atomic_load_store="16"
target_has_atomic_load_store="32"
target_has_atomic_load_store="64"
target_has_atomic_load_store="8"
target_has_atomic_load_store="ptr"
target_has_reliable_f128
target_has_reliable_f128_math
target_has_reliable_f16
target_has_reliable_f16_math
target_os="scarlet"
target_pointer_width="64"
target_vendor="unknown"
ub_checks
