warning: Git tree '/Users/petitstrawberry/Development/Rust/Scarlet' is dirty
[cargo-make] INFO - cargo make 0.37.24
[cargo-make] WARN - Found unknown key: config.?.default_task in file: ./Makefile.toml
[cargo-make] INFO - 
[cargo-make] INFO - Build File: Makefile.toml
[cargo-make] INFO - Task: fmt-check
[cargo-make] INFO - Profile: development
[cargo-make] INFO - Execute Command: "cargo" "fmt" "--" "--check"
[cargo-make] INFO - Execute Command: "cargo" "fmt" "--" "--check"
[cargo-make] INFO - Execute Command: "cargo" "fmt" "--" "--check"
[cargo-make] INFO - Execute Command: "cargo" "fmt" "--" "--check"
[cargo-make] INFO - Execute Command: "cargo" "fmt" "--" "--check"
[cargo-make] INFO - Execute Command: "cargo" "make" "fmt-check"
[cargo-make][1] WARN - Found unknown key: config.?.default_task in file: ./Makefile.toml
[cargo-make][1] INFO - 
[cargo-make][1] INFO - Build File: Makefile.toml
[cargo-make][1] INFO - Task: fmt-check
[cargo-make][1] INFO - Profile: development
[cargo-make][1] INFO - Execute Command: "cargo" "fmt" "--" "--check"
[cargo-make][1] INFO - Execute Command: "cargo" "fmt" "--" "--check"
[cargo-make][1] INFO - Execute Command: "cargo" "fmt" "--" "--check"
[cargo-make][1] INFO - Execute Command: "cargo" "fmt" "--" "--check"
[cargo-make][1] INFO - Execute Command: "cargo" "fmt" "--" "--check"
[cargo-make][1] INFO - Execute Command: "cargo" "fmt" "--" "--check"
[cargo-make][1] INFO - Execute Command: "cargo" "fmt" "--" "--check"
[cargo-make][1] INFO - Execute Command: "cargo" "fmt" "--" "--check"
[cargo-make][1] INFO - Execute Command: "cargo" "fmt" "--" "--check"
[cargo-make][1] INFO - Execute Command: "cargo" "fmt" "--" "--check"
[cargo-make][1] INFO - Execute Command: "cargo" "fmt" "--" "--check"
[cargo-make][1] INFO - Build Done in 0.99 seconds.
[cargo-make] INFO - Execute Command: "cargo" "make" "fmt-check"
[cargo-make][1] INFO - 
[cargo-make][1] INFO - Project: userprogram
[cargo-make][1] INFO - Build File: Makefile.toml
[cargo-make][1] INFO - Task: fmt-check
[cargo-make][1] INFO - Profile: development
[cargo-make][1] INFO - Execute Command: "cargo" "fmt" "--" "--check"
[cargo-make][1] INFO - Build Done in 1.57 seconds.
[cargo-make] INFO - Execute Command: "cargo" "make" "fmt-check"
[cargo-make][1] INFO - 
[cargo-make][1] INFO - Project: video_player
[cargo-make][1] INFO - Build File: Makefile.toml
[cargo-make][1] INFO - Task: fmt-check
[cargo-make][1] INFO - Profile: development
[cargo-make][1] INFO - Execute Command: "cargo" "fmt" "--" "--check"
[cargo-make][1] INFO - Build Done in 0.94 seconds.
[cargo-make] INFO - Execute Command: "cargo" "make" "fmt-check"
[cargo-make][1] INFO - 
[cargo-make][1] INFO - Project: scarlet-std-bin
[cargo-make][1] INFO - Build File: Makefile.toml
[cargo-make][1] INFO - Task: fmt-check
[cargo-make][1] INFO - Profile: development
[cargo-make][1] INFO - Execute Command: "cargo" "fmt" "--" "--check"
[cargo-make][1] INFO - Build Done in 1.20 seconds.
[cargo-make] INFO - Running Task: fmt-drivers-check
find: ‘drivers’: No such file or directory
[cargo-make] INFO - Running Task: fmt-modules-check
Checking modules/loadable/lsm-dep-test
Checking modules/loadable/lsm-test
Checking modules/scarlet-module-prototype
[cargo-make] INFO - Execute Command: "cargo" "fmt" "--manifest-path" "user/lib/scarlet-abi/Cargo.toml" "--" "--check"
[cargo-make] INFO - Build Done in 6.77 seconds.
