   0.006131000s DEBUG network: Version {
    version: "8.15.0-DEV",
    rust_crate_version: "0.4.49",
    rust_sys_crate_version: "0.4.83+curl-8.15.0",
    vendored: true,
    host: "unknown",
    feature_ipv6: false,
    feature_ssl: true,
    feature_libz: true,
    feature_ntlm: false,
    feature_gss_negotiate: false,
    feature_debug: false,
    feature_spnego: false,
    feature_largefile: false,
    feature_idn: false,
    feature_sspi: false,
    feature_async_dns: false,
    feature_conv: false,
    feature_tlsauth_srp: false,
    feature_ntlm_wb: false,
    feature_unix_domain_socket: false,
    feature_https_proxy: true,
    feature_altsvc: true,
    feature_zstd: false,
    feature_unicode: false,
    feature_http3: false,
    feature_http2: false,
    feature_gsasl: false,
    feature_brotli: false,
    ssl_version: "rustls-ffi/0.15.0/rustls/0.23.25/ring",
    libz_version: "1.3.1",
    iconv_version_num: "0",
    brotli_version_num: "0",
    nghttp2_version_num: "0",
    zstd_ver_num: "0",
    cainfo: "/etc/ssl/certs/ca-certificates.crt",
    protocols: [
        "file",
        "http",
        "https",
        "mqtt",
        "ws",
        "wss",
    ],
}
   1.915170000s TRACE network::HttpRegistry::block_until_ready: 0 transfers pending
   1.915281000s TRACE network: 0 transfers remaining
    Updating crates.io index
   1.917149000s DEBUG network: Version {
    version: "8.15.0-DEV",
    rust_crate_version: "0.4.49",
    rust_sys_crate_version: "0.4.83+curl-8.15.0",
    vendored: true,
    host: "unknown",
    feature_ipv6: false,
    feature_ssl: true,
    feature_libz: true,
    feature_ntlm: false,
    feature_gss_negotiate: false,
    feature_debug: false,
    feature_spnego: false,
    feature_largefile: false,
    feature_idn: false,
    feature_sspi: false,
    feature_async_dns: false,
    feature_conv: false,
    feature_tlsauth_srp: false,
    feature_ntlm_wb: false,
    feature_unix_domain_socket: false,
    feature_https_proxy: true,
    feature_altsvc: true,
    feature_zstd: false,
    feature_unicode: false,
    feature_http3: false,
    feature_http2: false,
    feature_gsasl: false,
    feature_brotli: false,
    ssl_version: "rustls-ffi/0.15.0/rustls/0.23.25/ring",
    libz_version: "1.3.1",
    iconv_version_num: "0",
    brotli_version_num: "0",
    nghttp2_version_num: "0",
    zstd_ver_num: "0",
    cainfo: "/etc/ssl/certs/ca-certificates.crt",
    protocols: [
        "file",
        "http",
        "https",
        "mqtt",
        "ws",
        "wss",
    ],
}
   1.917212000s DEBUG network: fetch https://index.crates.io/config.json
   1.917237000s DEBUG network: downloading config.json as 0
   1.917585000s TRACE network::HttpRegistry::block_until_ready: 1 transfers pending
   1.917702000s DEBUG network: http-debug: * timeout on name lookup is not supported
   1.934936000s DEBUG network: http-debug: * Host index.crates.io:443 was resolved.
   1.934978000s DEBUG network: http-debug: * IPv4: 151.101.130.137, 151.101.194.137, 151.101.2.137, 151.101.66.137
   1.935050000s DEBUG network: http-debug: *   Trying 151.101.130.137:443...
   1.935080000s DEBUG network: http-debug: * Could not set TCP_NODELAY: Operation not supported
   1.935481000s TRACE network: 1 transfers remaining
   1.944600000s DEBUG network: http-debug: * ALPN: curl offers http/1.1
   1.954387000s TRACE network: 1 transfers remaining
   1.967438000s TRACE network: 1 transfers remaining
   1.967623000s TRACE network: 1 transfers remaining
   1.968142000s DEBUG network: http-debug: * ALPN: server accepted http/1.1
   1.968353000s DEBUG network: http-debug: * rustls: handshake complete, TLSv1.3, ciphersuite: TLS13_AES_128_GCM_SHA256, key exchange group: X25519
   1.968386000s DEBUG network: http-debug: * Connected to index.crates.io (151.101.130.137) port 443
   1.968401000s DEBUG network: http-debug: * using HTTP/1.x
   1.968605000s DEBUG network: http-debug: > GET /config.json HTTP/1.1
   1.968627000s DEBUG network: http-debug: > Host: index.crates.io
   1.968646000s DEBUG network: http-debug: > User-Agent: cargo/1.94.0 (94c368ad2 2025-12-26)
   1.968664000s DEBUG network: http-debug: > Accept-Encoding: deflate, gzip
   1.968679000s DEBUG network: http-debug: > cargo-protocol: version=1
   1.968693000s DEBUG network: http-debug: > accept: text/plain
   1.968708000s DEBUG network: http-debug: >
   1.968743000s DEBUG network: http-debug: * Request completely sent off
   1.968764000s TRACE network: 1 transfers remaining
   1.978856000s DEBUG network: http-debug: < HTTP/1.1 200 OK
   1.978886000s DEBUG network: http-debug: < Connection: keep-alive
   1.978918000s DEBUG network: http-debug: < Content-Length: 76
   1.978941000s DEBUG network: http-debug: < x-amz-request-id: FTZJFP7WS19ESX79
   1.978970000s DEBUG network: http-debug: < x-amz-id-2: SHoZ/Q5CRKaY0NgSaLYCP826fjehC34B2i/IRu56I7dV4aXroiJ/kL1LmG9GLYuNOTEUPP48iOaJIMPoXyLdA/YFeblFovFb
   1.979000000s DEBUG network: http-debug: < Server: AmazonS3
   1.979017000s DEBUG network: http-debug: < Last-Modified: Tue, 12 Mar 2024 07:31:15 GMT
   1.979042000s DEBUG network: http-debug: < ETag: "652b69f181634dbf60fc8c3ec9f776e5"
   1.979065000s DEBUG network: http-debug: < x-amz-version-id: oJr.VPzoI2MIgYxW8Lam7ayZJlnQq_9z
   1.979088000s DEBUG network: http-debug: < Content-Type: application/octet-stream
   1.979111000s DEBUG network: http-debug: < x-amz-server-side-encryption: AES256
   1.979135000s DEBUG network: http-debug: < Accept-Ranges: bytes
   1.979157000s DEBUG network: http-debug: < Date: Wed, 23 Sep 2026 11:24:12 GMT
   1.979181000s DEBUG network: http-debug: < Via: 1.1 varnish
   1.979206000s DEBUG network: http-debug: < Age: 140
   1.979228000s DEBUG network: http-debug: < X-Served-By: cache-itm1220047-ITM
   1.979245000s DEBUG network: http-debug: < X-Cache: HIT
   1.979262000s DEBUG network: http-debug: < X-Cache-Hits: 6
   1.979280000s DEBUG network: http-debug: < X-Timer: S1790162652.117537,VS0,VE0
   1.979297000s DEBUG network: http-debug: <
   1.979314000s TRACE network: http-debug: { {
   1.979330000s TRACE network: http-debug: {   "dl": "https://static.crates.io/crates",
   1.979346000s TRACE network: http-debug: {   "api": "https://crates.io"
   1.979362000s TRACE network: http-debug: { }
   1.979379000s TRACE network: 0 - 76 bytes of data
   1.979417000s DEBUG network: http-debug: * Connection #0 to host index.crates.io left intact
   1.979434000s TRACE network: 0 transfers remaining
   1.987728000s DEBUG network: Version {
    version: "8.15.0-DEV",
    rust_crate_version: "0.4.49",
    rust_sys_crate_version: "0.4.83+curl-8.15.0",
    vendored: true,
    host: "unknown",
    feature_ipv6: false,
    feature_ssl: true,
    feature_libz: true,
    feature_ntlm: false,
    feature_gss_negotiate: false,
    feature_debug: false,
    feature_spnego: false,
    feature_largefile: false,
    feature_idn: false,
    feature_sspi: false,
    feature_async_dns: false,
    feature_conv: false,
    feature_tlsauth_srp: false,
    feature_ntlm_wb: false,
    feature_unix_domain_socket: false,
    feature_https_proxy: true,
    feature_altsvc: true,
    feature_zstd: false,
    feature_unicode: false,
    feature_http3: false,
    feature_http2: false,
    feature_gsasl: false,
    feature_brotli: false,
    ssl_version: "rustls-ffi/0.15.0/rustls/0.23.25/ring",
    libz_version: "1.3.1",
    iconv_version_num: "0",
    brotli_version_num: "0",
    nghttp2_version_num: "0",
    zstd_ver_num: "0",
    cainfo: "/etc/ssl/certs/ca-certificates.crt",
    protocols: [
        "file",
        "http",
        "https",
        "mqtt",
        "ws",
        "wss",
    ],
}
   1.987760000s DEBUG network: fetch https://index.crates.io/it/oa/itoa
   1.987777000s DEBUG network: downloading it/oa/itoa as 1
   1.988039000s TRACE network::HttpRegistry::block_until_ready: 1 transfers pending
   1.988099000s DEBUG network: http-debug: * Re-using existing https: connection with host index.crates.io
   1.988301000s DEBUG network: http-debug: > GET /it/oa/itoa HTTP/1.1
   1.988323000s DEBUG network: http-debug: > Host: index.crates.io
   1.988344000s DEBUG network: http-debug: > User-Agent: cargo/1.94.0 (94c368ad2 2025-12-26)
   1.988367000s DEBUG network: http-debug: > Accept-Encoding: deflate, gzip
   1.988382000s DEBUG network: http-debug: > cargo-protocol: version=1
   1.988397000s DEBUG network: http-debug: > accept: text/plain
   1.988412000s DEBUG network: http-debug: >
   1.988446000s DEBUG network: http-debug: * Request completely sent off
   1.988467000s TRACE network: 1 transfers remaining
   1.996930000s DEBUG network: http-debug: < HTTP/1.1 200 OK
   1.996958000s DEBUG network: http-debug: < Connection: keep-alive
   1.996983000s DEBUG network: http-debug: < Content-Length: 9473
   1.997007000s DEBUG network: http-debug: < x-amz-request-id: G8AZT9MJ05C57KV4
   1.997029000s DEBUG network: http-debug: < x-amz-id-2: lJFjQe+BpJk/b95dSb8s3Fr9hjYw7q/BPWwHMbYRBUvyF4MawzhffcyHPutjVAewBAY+mGyFx8M=
   1.997047000s DEBUG network: http-debug: < Server: AmazonS3
   1.997070000s DEBUG network: http-debug: < Last-Modified: Fri, 20 Mar 2026 00:12:38 GMT
   1.997091000s DEBUG network: http-debug: < ETag: "ea8494d560f1b8174443495b370e272f"
   1.997115000s DEBUG network: http-debug: < x-amz-version-id: dP_lxhb11lA7meKPhfUhT7SBosd2KzLg
   1.997140000s DEBUG network: http-debug: < Cache-Control: public,max-age=600
   1.997175000s DEBUG network: http-debug: < Content-Type: text/plain
   1.997199000s DEBUG network: http-debug: < x-amz-server-side-encryption: AES256
   1.997224000s DEBUG network: http-debug: < Accept-Ranges: bytes
   1.997248000s DEBUG network: http-debug: < Date: Wed, 23 Sep 2026 11:24:12 GMT
   1.997271000s DEBUG network: http-debug: < Via: 1.1 varnish
   1.997293000s DEBUG network: http-debug: < Age: 78
   1.997317000s DEBUG network: http-debug: < X-Served-By: cache-itm1220047-ITM
   1.997340000s DEBUG network: http-debug: < X-Cache: HIT
   1.997363000s DEBUG network: http-debug: < X-Cache-Hits: 3
   1.997385000s DEBUG network: http-debug: < X-Timer: S1790162652.135534,VS0,VE0
   1.997409000s DEBUG network: http-debug: <
   1.997470000s TRACE network: http-debug: { {"name":"itoa","vers":"0.1.0","deps":[],"cksum":"8fe390286ad3ad1b175ad07a638c83463c86cbdb5e38075c2ef44e10c694702b","features":{},"yanked":false,"pubtime":"2016-06-25T21:50:33Z"}
   1.997491000s TRACE network: http-debug: { {"name":"itoa","vers":"0.1.1","deps":[],"cksum":"ae3088ea4baeceb0284ee9eea42f591226e6beaecf65373e41b38d95a1b8e7a1","features":{},"yanked":false,"pubtime":"2016-06-25T22:11:59Z"}
   1.997512000s TRACE network: http-debug: { {"name":"itoa","vers":"0.2.0","deps":[],"cksum":"ff8f9e7653c775f2ef8016f4181eb3ad62fe8a710e5dd73d4060a5903a58022f","features":{},"yanked":false,"pubtime":"2017-01-24T00:46:50Z"}
   1.997551000s TRACE network: http-debug: { {"name":"itoa","vers":"0.2.1","deps":[],"cksum":"5537accdedeaa51526addad01e989bdaeb690e8e5fcca8dce893350912778636","features":{},"yanked":false,"pubtime":"2017-01-26T05:02:29Z"}
   1.997573000s TRACE network: http-debug: { {"name":"itoa","vers":"0.3.0","deps":[],"cksum":"91fd9dc2c587067de817fec4ad355e3818c3d893a78cab32a0a474c7a15bb8d5","features":{},"yanked":false,"pubtime":"2017-01-28T21:51:45Z"}
   1.997595000s TRACE network: http-debug: { {"name":"itoa","vers":"0.3.1","deps":[],"cksum":"eb2f404fbc66fd9aac13e998248505e7ecb2ad8e44ab6388684c5fb11c6c251c","features":{},"yanked":false,"pubtime":"2017-02-05T13:48:13Z"}
   1.997616000s TRACE network: http-debug: { {"name":"itoa","vers":"0.3.2","deps":[],"cksum":"f74cf6ca1bdbc28496a2b9798ab7fccc2ca5a42cace95bb2b219577216a5fb90","features":{},"yanked":false,"pubtime":"2017-08-23T02:50:57Z"}
   1.997640000s TRACE network: http-debug: { {"name":"itoa","vers":"0.3.3","deps":[],"cksum":"ac17257442c2ed77dbc9fd555cf83c58b0c7f7d0e8f2ae08c0ac05c72842e1f6","features":{},"ya
   1.997662000s TRACE network: 1 - 1378 bytes of data
   1.997723000s TRACE network: http-debug: { nked":false,"pubtime":"2017-08-29T16:53:53Z"}
   1.997743000s TRACE network: http-debug: { {"name":"itoa","vers":"0.3.4","deps":[],"cksum":"8324a32baf01e2ae060e9de58ed0bc2320c9a2833491ee36cd3b4c414de4db8c","features":{"i128":[]},"yanked":false,"pubtime":"2017-09-16T21:30:58Z"}
   1.997765000s TRACE network: http-debug: { {"name":"itoa","vers":"0.4.0","deps":[],"cksum":"92a9df60778f789c37f76778ae8d0a2471c41baa8b059d98a5873c978f549587","features":{"default":["std"],"i128":[],"std":[]},"yanked":false,"pubtime":"2018-03-18T07:26:46Z"}
   1.997788000s TRACE network: http-debug: { {"name":"itoa","vers":"0.4.1","deps":[],"cksum":"c069bbec61e1ca5a596166e55dfe4773ff745c3d16b700013bcaff9a6df2c682","features":{"default":["std"],"i128":[],"std":[]},"yanked":false,"pubtime":"2018-03-22T16:57:07Z"}
   1.997810000s TRACE network: http-debug: { {"name":"itoa","vers":"0.4.2","deps":[],"cksum":"5adb58558dcd1d786b5f0bd15f3226ee23486e24b7b58304b60f64dc68e62606","features":{"default":["std"],"i128":[],"std":[]},"yanked":false,"pubtime":"2018-07-05T20:40:17Z"}
   1.997831000s TRACE network: http-debug: { {"name":"itoa","vers":"0.4.3","deps":[],"cksum":"1306f3464951f30e30d12373d31c79fbd52d236e5e896fd92f96ec7babbbe60b","features":{"default":["std"],"i128":[],"std":[]},"yanked":false,"pubtime":"2018-09-08T19:14:06Z"}
   1.997853000s TRACE network: http-debug: { {"name":"itoa","vers":"0.4.4","deps":[],"cksum":"501266b7edd0174f8530248f87f99c88fbe60ca4ef3dd486835b8d8d53136f7f","features":{"default":["std"],"i128":[],"std":[]},"yanked":false,"pubtime":"2019-05-02T02:28:39Z"}
   1.997877000s TRACE network: http-debug: { {"name":"itoa","vers":"0.4.5","deps":[],"cksum":"b8b7a7c0c47db5545ed3fef746
   1.997898000s TRACE network: 1 - 1378 bytes of data
   1.997941000s TRACE network: 1 transfers remaining
   1.998070000s TRACE network: http-debug: { 8ee7bb5b74691498139e4b3f6a20685dc6dd8e","features":{"default":["std"],"i128":[],"std":[]},"yanked":false,"pubtime":"2020-01-24T21:12:17Z"}
   1.998092000s TRACE network: http-debug: { {"name":"itoa","vers":"0.4.6","deps":[],"cksum":"dc6f3ad7b9d11a0c00842ff8de1b60ee58661048eb8049ed33c73594f359d7e6","features":{"default":["std"],"i128":[],"std":[]},"yanked":false,"pubtime":"2020-06-16T18:31:04Z"}
   1.998115000s TRACE network: http-debug: { {"name":"itoa","vers":"0.4.7","deps":[],"cksum":"dd25036021b0de88a0aff6b850051563c6516d0bf53f8638938edbb9de732736","features":{"default":["std"],"i128":[],"std":[]},"yanked":false,"pubtime":"2020-12-27T20:59:16Z"}
   1.998137000s TRACE network: http-debug: { {"name":"itoa","vers":"0.4.8","deps":[],"cksum":"b71991ff56294aa922b450139ee08b3bfc70982c6b2c7562771375cf73542dd4","features":{"default":["std"],"i128":[],"std":[]},"yanked":false,"pubtime":"2021-08-22T05:23:32Z"}
   1.998162000s TRACE network: http-debug: { {"name":"itoa","vers":"1.0.0","deps":[],"cksum":"d2f3e61cf687687b30c9e6ddf0fc36cf15f035e66d491e6da968fa49ffa9a378","features":{},"yanked":false,"rust_version":"1.36","pubtime":"2021-12-12T18:42:10Z"}
   1.998185000s TRACE network: http-debug: { {"name":"itoa","vers":"1.0.1","deps":[],"cksum":"1aab8fc367588b89dcee83ab0fd66b72b50b72fa1904d7095045ace2b0c81c35","features":{},"yanked":false,"rust_version":"1.36","pubtime":"2021-12-12T20:07:27Z"}
   1.998209000s TRACE network: http-debug: { {"name":"itoa","vers":"1.0.2","deps":[],"cksum":"112c678d4050afce233f4f2852bb2eb519230b3cf12f33585275537d7e41578d","features":{},"yanked":false,"rust_version":"1.36","pubtime":"2022-05-15T21:10:07Z
   1.998232000s TRACE network: 1 - 1378 bytes of data
   1.998270000s TRACE network: 1 transfers remaining
   1.998425000s TRACE network: http-debug: { "}
   1.998446000s TRACE network: http-debug: { {"name":"itoa","vers":"1.0.3","deps":[],"cksum":"6c8af84674fe1f223a982c933a0ee1086ac4d4052aa0fb8060c12c6ad838e754","features":{},"yanked":false,"rust_version":"1.36","pubtime":"2022-08-03T13:52:23Z"}
   1.998468000s TRACE network: http-debug: { {"name":"itoa","vers":"1.0.4","deps":[{"name":"no-panic","req":"^0.1","features":[],"optional":true,"default_features":true,"target":null,"kind":"normal"}],"cksum":"4217ad341ebadf8d8e724e264f13e593e0648f5b3e94b3896a5df283be015ecc","features":{},"yanked":false,"rust_version":"1.36","pubtime":"2022-10-06T23:06:09Z"}
   1.998496000s TRACE network: http-debug: { {"name":"itoa","vers":"1.0.5","deps":[{"name":"no-panic","req":"^0.1","features":[],"optional":true,"default_features":true,"target":null,"kind":"normal"}],"cksum":"fad582f4b9e86b6caa621cabeb0963332d92eea04729ab12892c2533951e6440","features":{},"yanked":false,"rust_version":"1.36","pubtime":"2022-12-17T19:20:20Z"}
   1.998519000s TRACE network: http-debug: { {"name":"itoa","vers":"1.0.6","deps":[{"name":"no-panic","req":"^0.1","features":[],"optional":true,"default_features":true,"target":null,"kind":"normal"}],"cksum":"453ad9f582a441959e5f0d088b02ce04cfe8d51a8eaf077f12ac6d3e94164ca6","features":{},"yanked":false,"rust_version":"1.36","pubtime":"2023-03-03T23:18:06Z"}
   1.998541000s TRACE network: http-debug: { {"name":"itoa","vers":"1.0.7","deps":[{"name":"no-panic","req":"^0.1","features":[],"optional":true,"default_features":true,"target":null,"kind":"normal"}],"cksum":"c0aa48fab2893d8a49caa94082ae8488f4e1050d73b367881dcd2198f4199f
   1.998564000s TRACE network: 1 - 1378 bytes of data
   1.998606000s TRACE network: 1 transfers remaining
   1.998766000s TRACE network: http-debug: { d8","features":{},"yanked":false,"rust_version":"1.36","pubtime":"2023-07-03T03:44:10Z"}
   1.998789000s TRACE network: http-debug: { {"name":"itoa","vers":"1.0.8","deps":[{"name":"no-panic","req":"^0.1","features":[],"optional":true,"default_features":true,"target":null,"kind":"normal"}],"cksum":"62b02a5381cc465bd3041d84623d0fa3b66738b52b8e2fc3bab8ad63ab032f4a","features":{},"yanked":false,"rust_version":"1.36","pubtime":"2023-07-03T18:21:00Z"}
   1.998811000s TRACE network: http-debug: { {"name":"itoa","vers":"1.0.9","deps":[{"name":"no-panic","req":"^0.1","features":[],"optional":true,"default_features":true,"target":null,"kind":"normal"}],"cksum":"af150ab688ff2122fcef229be89cb50dd66af9e01a4ff320cc137eecc9bacc38","features":{},"yanked":false,"rust_version":"1.36","pubtime":"2023-07-15T20:44:28Z"}
   1.998833000s TRACE network: http-debug: { {"name":"itoa","vers":"1.0.10","deps":[{"name":"no-panic","req":"^0.1","features":[],"optional":true,"default_features":true,"target":null,"kind":"normal"}],"cksum":"b1a46d1a171d865aa5f83f92695765caa047a9b4cbae2cbf37dbd613a793fd4c","features":{},"yanked":false,"rust_version":"1.36","pubtime":"2023-12-09T01:26:26Z"}
   1.998860000s TRACE network: http-debug: { {"name":"itoa","vers":"1.0.11","deps":[{"name":"no-panic","req":"^0.1","features":[],"optional":true,"default_features":true,"target":null,"kind":"normal"}],"cksum":"49f1f14873335454500d59611f1cf4a4b0f786f9ac11f4312a78e4cf2566695b","features":{},"yanked":false,"rust_version":"1.36","pubtime":"2024-03-26T06:00:49Z"}
   1.998882000s TRACE network: http-debug: { {"name":"itoa","vers":"
   1.998903000s TRACE network: 1 - 1378 bytes of data
   1.998945000s TRACE network: 1 transfers remaining
   1.999098000s TRACE network: http-debug: { 1.0.12","deps":[{"name":"no-panic","req":"^0.1","features":[],"optional":true,"default_features":true,"target":null,"kind":"normal"}],"cksum":"7a73e9fe3c49d7afb2ace819fa181a287ce54a0983eda4e0eb05c22f82ffe534","features":{},"yanked":false,"rust_version":"1.36","pubtime":"2024-11-20T08:27:21Z"}
   1.999123000s TRACE network: http-debug: { {"name":"itoa","vers":"1.0.13","deps":[{"name":"no-panic","req":"^0.1","features":[],"optional":true,"default_features":true,"target":null,"kind":"normal"}],"cksum":"540654e97a3f4470a492cd30ff187bc95d89557a903a2bbf112e2fae98104ef2","features":{},"yanked":false,"rust_version":"1.36","pubtime":"2024-11-20T18:31:56Z"}
   1.999144000s TRACE network: http-debug: { {"name":"itoa","vers":"1.0.14","deps":[{"name":"no-panic","req":"^0.1","features":[],"optional":true,"default_features":true,"target":null,"kind":"normal"}],"cksum":"d75a2a4b1b190afb6f5425f10f6a8f959d2ea0b9c2b1d79553551850539e4674","features":{},"yanked":false,"rust_version":"1.36","pubtime":"2024-11-25T19:25:05Z"}
   1.999166000s TRACE network: http-debug: { {"name":"itoa","vers":"1.0.15","deps":[{"name":"no-panic","req":"^0.1","features":[],"optional":true,"default_features":true,"target":null,"kind":"normal"}],"cksum":"4a5f13b858c8d314ee3e8f639011f7ccefe71f97f96e50151fb991f267928e2c","features":{},"yanked":false,"rust_version":"1.36","pubtime":"2025-03-03T23:42:45Z"}
   1.999192000s TRACE network: http-debug: { {"name":"itoa","vers":"1.0.16","deps":[{"name":"criterion","req":"^0.8","features":[],"optional":false,"default_features":false,"targ
   1.999213000s TRACE network: 1 - 1378 bytes of data
   1.999255000s TRACE network: 1 transfers remaining
   1.999400000s TRACE network: http-debug: { et":"cfg(not(miri))","kind":"dev"},{"name":"no-panic","req":"^0.1","features":[],"optional":true,"default_features":true,"target":null,"kind":"normal"}],"cksum":"7ee5b5339afb4c41626dde77b7a611bd4f2c202b897852b4bcf5d03eddc61010","features":{},"yanked":false,"rust_version":"1.68","pubtime":"2025-12-21T01:04:50Z"}
   1.999430000s TRACE network: http-debug: { {"name":"itoa","vers":"1.0.17","deps":[{"name":"criterion","req":"^0.8","features":[],"optional":false,"default_features":false,"target":"cfg(not(miri))","kind":"dev"},{"name":"no-panic","req":"^0.1","features":[],"optional":true,"default_features":true,"target":null,"kind":"normal"}],"cksum":"92ecc6618181def0457392ccd0ee51198e065e016d1d527a7ac1b6dc7c1f09d2","features":{},"yanked":false,"rust_version":"1.68","pubtime":"2025-12-27T06:56:40Z"}
   1.999453000s TRACE network: http-debug: { {"name":"itoa","vers":"1.0.18","deps":[{"name":"criterion","req":"^0.8","features":[],"optional":false,"default_features":false,"target":"cfg(not(miri))","kind":"dev"},{"name":"no-panic","req":"^0.1","features":[],"optional":true,"default_features":true,"target":null,"kind":"normal"}],"cksum":"8f42a60cbdf9a97f5d2305f08a87dc4e09308d1276d28c869c684d7777685682","features":{},"yanked":false,"rust_version":"1.68","pubtime":"2026-03-20T00:12:37Z"}
   1.999476000s TRACE network: 1 - 1205 bytes of data
   1.999518000s DEBUG network: http-debug: * Connection #0 to host index.crates.io left intact
   1.999541000s TRACE network: 0 transfers remaining
     Locking 1 package to latest Rust 1.94.0-nightly compatible version
      Adding itoa v1.0.15 (available: v1.0.18)
   3.313743000s DEBUG network: downloading itoa v1.0.15 as 0
   3.314793000s DEBUG network: Version {
    version: "8.15.0-DEV",
    rust_crate_version: "0.4.49",
    rust_sys_crate_version: "0.4.83+curl-8.15.0",
    vendored: true,
    host: "unknown",
    feature_ipv6: false,
    feature_ssl: true,
    feature_libz: true,
    feature_ntlm: false,
    feature_gss_negotiate: false,
    feature_debug: false,
    feature_spnego: false,
    feature_largefile: false,
    feature_idn: false,
    feature_sspi: false,
    feature_async_dns: false,
    feature_conv: false,
    feature_tlsauth_srp: false,
    feature_ntlm_wb: false,
    feature_unix_domain_socket: false,
    feature_https_proxy: true,
    feature_altsvc: true,
    feature_zstd: false,
    feature_unicode: false,
    feature_http3: false,
    feature_http2: false,
    feature_gsasl: false,
    feature_brotli: false,
    ssl_version: "rustls-ffi/0.15.0/rustls/0.23.25/ring",
    libz_version: "1.3.1",
    iconv_version_num: "0",
    brotli_version_num: "0",
    nghttp2_version_num: "0",
    zstd_ver_num: "0",
    cainfo: "/etc/ssl/certs/ca-certificates.crt",
    protocols: [
        "file",
        "http",
        "https",
        "mqtt",
        "ws",
        "wss",
    ],
}
 Downloading crates ...
   3.314931000s DEBUG network: http-debug: * timeout on name lookup is not supported
   3.354344000s DEBUG network: http-debug: * Host static.crates.io:443 was resolved.
   3.354373000s DEBUG network: http-debug: * IPv4: 151.101.2.137, 151.101.66.137, 151.101.130.137, 151.101.194.137
   3.354445000s DEBUG network: http-debug: *   Trying 151.101.2.137:443...
   3.354462000s DEBUG network: http-debug: * Could not set TCP_NODELAY: Operation not supported
   3.354824000s DEBUG network: handles remaining: 1
   3.363810000s DEBUG network: http-debug: * ALPN: curl offers http/1.1
   3.367156000s DEBUG network: handles remaining: 1
   3.384955000s DEBUG network: handles remaining: 1
   3.385167000s DEBUG network: handles remaining: 1
   3.385595000s DEBUG network: handles remaining: 1
   3.385829000s DEBUG network: handles remaining: 1
   3.386370000s DEBUG network: http-debug: * ALPN: server accepted http/1.1
   3.386586000s DEBUG network: http-debug: * rustls: handshake complete, TLSv1.3, ciphersuite: TLS13_AES_128_GCM_SHA256, key exchange group: X25519
   3.386625000s DEBUG network: http-debug: * Connected to static.crates.io (151.101.2.137) port 443
   3.386646000s DEBUG network: http-debug: * using HTTP/1.x
   3.386876000s DEBUG network: http-debug: > GET /crates/itoa/1.0.15/download HTTP/1.1
   3.386895000s DEBUG network: http-debug: > Host: static.crates.io
   3.386914000s DEBUG network: http-debug: > User-Agent: cargo/1.94.0 (94c368ad2 2025-12-26)
   3.386931000s DEBUG network: http-debug: > Accept: */*
   3.386950000s DEBUG network: http-debug: > Accept-Encoding: deflate, gzip
   3.386968000s DEBUG network: http-debug: >
   3.387018000s DEBUG network: http-debug: * Request completely sent off
   3.387045000s DEBUG network: handles remaining: 1
   3.411315000s DEBUG network: http-debug: < HTTP/1.1 200
   3.411364000s DEBUG network: http-debug: < Connection: keep-alive
   3.411407000s DEBUG network: http-debug: < Content-Length: 11231
   3.411440000s DEBUG network: http-debug: < content-type: application/gzip
   3.411471000s DEBUG network: http-debug: < last-modified: Sun, 28 Jun 2026 17:55:51 GMT
   3.411506000s DEBUG network: http-debug: < etag: "ba82a589ab0348c1be03dfb9dd33e2ad"
   3.411538000s DEBUG network: http-debug: < x-amz-version-id: LH.PdSOwGkRrZqUOYnoleOoFJ6IXqoEb
   3.411572000s DEBUG network: http-debug: < x-amz-id-2: +E2xH6SmNej44j6sIVrCChQwGrPulc7d4th7IObHpgBMVx19aj5mN+M7D9PZ5gRzeNjct3bnL1bIeeK67utDArvxjEImFZrA
   3.411610000s DEBUG network: http-debug: < server: AmazonS3
   3.411644000s DEBUG network: http-debug: < date: Tue, 22 Sep 2026 18:18:41 GMT
   3.411677000s DEBUG network: http-debug: < x-amz-server-side-encryption: AES256
   3.411711000s DEBUG network: http-debug: < x-amz-replication-status: COMPLETED
   3.411744000s DEBUG network: http-debug: < x-cache-hits: 246
   3.411774000s DEBUG network: http-debug: < x-amz-request-id: GM8XBEMEM5WC5VQ4
   3.411805000s DEBUG network: http-debug: < accept-ranges: bytes
   3.411841000s DEBUG network: http-debug: < cache-control: public,max-age=31536000,immutable
   3.411873000s DEBUG network: http-debug: < age: 61534
   3.411905000s DEBUG network: http-debug: < x-cache: HIT
   3.411937000s DEBUG network: http-debug: < x-served-by: cache-itm1220054-ITM
   3.411968000s DEBUG network: http-debug: <
   3.412051000s TRACE network: http-debug: { (1378 bytes of data)
   3.412081000s DEBUG network: 0 - 1378 bytes of data
   3.412139000s DEBUG network: handles remaining: 1
   3.412350000s TRACE network: http-debug: { (1378 bytes of data)
   3.412379000s DEBUG network: 0 - 1378 bytes of data
   3.412441000s DEBUG network: handles remaining: 1
   3.412718000s TRACE network: http-debug: { (1378 bytes of data)
   3.412749000s DEBUG network: 0 - 1378 bytes of data
   3.412810000s DEBUG network: handles remaining: 1
   3.413076000s TRACE network: http-debug: { (1378 bytes of data)
   3.413107000s DEBUG network: 0 - 1378 bytes of data
   3.413166000s DEBUG network: handles remaining: 1
   3.413429000s TRACE network: http-debug: { (1378 bytes of data)
   3.413458000s DEBUG network: 0 - 1378 bytes of data
   3.413539000s DEBUG network: handles remaining: 1
   3.413804000s TRACE network: http-debug: { (1378 bytes of data)
   3.413836000s DEBUG network: 0 - 1378 bytes of data
   3.413895000s DEBUG network: handles remaining: 1
   3.414156000s TRACE network: http-debug: { (1378 bytes of data)
   3.414186000s DEBUG network: 0 - 1378 bytes of data
   3.414246000s DEBUG network: handles remaining: 1
   3.414497000s TRACE network: http-debug: { (1585 bytes of data)
   3.414528000s DEBUG network: 0 - 1585 bytes of data
   3.414617000s DEBUG network: http-debug: * Connection #0 to host static.crates.io left intact
   3.414650000s DEBUG network: handles remaining: 0
   3.414681000s DEBUG network: 0 finished with Ok(())
  Downloaded itoa v1.0.15
   Compiling itoa v1.0.15
   Compiling native-cargo-online v0.1.0 (/native-rustc-output/cargo-online-fixture)
    Finished `release` profile [optimized] target(s) in 6.25s
