warning: Git tree '/Users/petitstrawberry/Development/Rust/Scarlet' is dirty
error (ignored): SQLite database '/Users/petitstrawberry/.cache/nix/eval-cache-v6/09dfab7886127312ad52f5a0632075a6a312e4bba17b0b1445100e7d90ebecb9.sqlite' is busy
[cargo-make] INFO - cargo make 0.37.24
[cargo-make] WARN - Found unknown key: config.?.default_task in file: ./Makefile.toml
[cargo-make] INFO - 
[cargo-make] INFO - Build File: Makefile.toml
[cargo-make] INFO - Task: fmt-check
[cargo-make] INFO - Profile: development
[cargo-make] INFO - Execute Command: "cargo" "fmt" "--" "--check"
[cargo-make] INFO - Execute Command: "cargo" "fmt" "--" "--check"
[cargo-make] INFO - Execute Command: "cargo" "fmt" "--" "--check"
[cargo-make] INFO - Execute Command: "cargo" "fmt" "--" "--check"
[cargo-make] INFO - Execute Command: "cargo" "fmt" "--" "--check"
[cargo-make] INFO - Execute Command: "cargo" "make" "fmt-check"
[cargo-make][1] WARN - Found unknown key: config.?.default_task in file: ./Makefile.toml
[cargo-make][1] INFO - 
[cargo-make][1] INFO - Build File: Makefile.toml
[cargo-make][1] INFO - Task: fmt-check
[cargo-make][1] INFO - Profile: development
[cargo-make][1] INFO - Execute Command: "cargo" "fmt" "--" "--check"
[cargo-make][1] INFO - Execute Command: "cargo" "fmt" "--" "--check"
[cargo-make][1] INFO - Execute Command: "cargo" "fmt" "--" "--check"
[cargo-make][1] INFO - Execute Command: "cargo" "fmt" "--" "--check"
[cargo-make][1] INFO - Execute Command: "cargo" "fmt" "--" "--check"
[cargo-make][1] INFO - Execute Command: "cargo" "fmt" "--" "--check"
[cargo-make][1] INFO - Execute Command: "cargo" "fmt" "--" "--check"
[cargo-make][1] INFO - Execute Command: "cargo" "fmt" "--" "--check"
[cargo-make][1] INFO - Execute Command: "cargo" "fmt" "--" "--check"
[cargo-make][1] INFO - Execute Command: "cargo" "fmt" "--" "--check"
[cargo-make][1] INFO - Execute Command: "cargo" "fmt" "--" "--check"
[cargo-make][1] INFO - Build Done in 1.27 seconds.
[cargo-make] INFO - Execute Command: "cargo" "make" "fmt-check"
[cargo-make][1] INFO - 
[cargo-make][1] INFO - Project: userprogram
[cargo-make][1] INFO - Build File: Makefile.toml
[cargo-make][1] INFO - Task: fmt-check
[cargo-make][1] INFO - Profile: development
[cargo-make][1] INFO - Execute Command: "cargo" "fmt" "--" "--check"
[cargo-make][1] INFO - Build Done in 2.14 seconds.
[cargo-make] INFO - Execute Command: "cargo" "make" "fmt-check"
[cargo-make][1] INFO - 
[cargo-make][1] INFO - Project: video_player
[cargo-make][1] INFO - Build File: Makefile.toml
[cargo-make][1] INFO - Task: fmt-check
[cargo-make][1] INFO - Profile: development
[cargo-make][1] INFO - Execute Command: "cargo" "fmt" "--" "--check"
[cargo-make][1] INFO - Build Done in 1.11 seconds.
[cargo-make] INFO - Execute Command: "cargo" "make" "fmt-check"
[cargo-make][1] INFO - 
[cargo-make][1] INFO - Project: scarlet-std-bin
[cargo-make][1] INFO - Build File: Makefile.toml
[cargo-make][1] INFO - Task: fmt-check
[cargo-make][1] INFO - Profile: development
[cargo-make][1] INFO - Execute Command: "cargo" "fmt" "--" "--check"
[cargo-make][1] INFO - Build Done in 1.39 seconds.
[cargo-make] INFO - Running Task: fmt-drivers-check
find: ‘drivers’: No such file or directory
[cargo-make] INFO - Running Task: fmt-modules-check
Checking modules/loadable/lsm-dep-test
Checking modules/loadable/lsm-test
Checking modules/scarlet-module-prototype
[cargo-make] INFO - Execute Command: "cargo" "fmt" "--manifest-path" "user/lib/scarlet-abi/Cargo.toml" "--" "--check"
[cargo-make] INFO - Build Done in 8.29 seconds.
