/private/tmp/scarlet-c-startup-rv64-sysroot/lib/rustlib/riscv64gc-unknown-scarlet/lib/scarlet-crt0.o
/private/tmp/scarlet-c-startup-persistent-rv64/c_main.o
/private/tmp/scarlet-c-startup-rv64-private-build/riscv64gc-unknown-scarlet/release/libscarlet_c.a(scarlet_c-ab637f3fc2ba657a.scarlet_c.f20b517f5e345d07-cgu.0.rcgu.o)
/private/tmp/scarlet-c-startup-rv64-private-build/riscv64gc-unknown-scarlet/release/libscarlet_c.a(scarlet_c-ab637f3fc2ba657a.c9r785off51qo3aha3u9nl3cj.rcgu.o)
/private/tmp/scarlet-c-startup-rv64-private-build/riscv64gc-unknown-scarlet/release/libscarlet_c.a(std-e4c1db5b3c9edd05.std.26666656b8ed8f31-cgu.01.rcgu.o)
/private/tmp/scarlet-c-startup-rv64-private-build/riscv64gc-unknown-scarlet/release/libscarlet_c.a(std-e4c1db5b3c9edd05.std.26666656b8ed8f31-cgu.03.rcgu.o)
/private/tmp/scarlet-c-startup-rv64-private-build/riscv64gc-unknown-scarlet/release/libscarlet_c.a(std-e4c1db5b3c9edd05.std.26666656b8ed8f31-cgu.04.rcgu.o)
/private/tmp/scarlet-c-startup-rv64-private-build/riscv64gc-unknown-scarlet/release/libscarlet_c.a(std-e4c1db5b3c9edd05.std.26666656b8ed8f31-cgu.05.rcgu.o)
/private/tmp/scarlet-c-startup-rv64-private-build/riscv64gc-unknown-scarlet/release/libscarlet_c.a(std-e4c1db5b3c9edd05.std.26666656b8ed8f31-cgu.02.rcgu.o)
/private/tmp/scarlet-c-startup-rv64-private-build/riscv64gc-unknown-scarlet/release/libscarlet_c.a(std-e4c1db5b3c9edd05.std.26666656b8ed8f31-cgu.06.rcgu.o)
/private/tmp/scarlet-c-startup-rv64-private-build/riscv64gc-unknown-scarlet/release/libscarlet_c.a(std-e4c1db5b3c9edd05.std.26666656b8ed8f31-cgu.07.rcgu.o)
/private/tmp/scarlet-c-startup-rv64-private-build/riscv64gc-unknown-scarlet/release/libscarlet_c.a(std-e4c1db5b3c9edd05.std.26666656b8ed8f31-cgu.08.rcgu.o)
/private/tmp/scarlet-c-startup-rv64-private-build/riscv64gc-unknown-scarlet/release/libscarlet_c.a(std-e4c1db5b3c9edd05.std.26666656b8ed8f31-cgu.00.rcgu.o)
/private/tmp/scarlet-c-startup-rv64-private-build/riscv64gc-unknown-scarlet/release/libscarlet_c.a(std-e4c1db5b3c9edd05.std.26666656b8ed8f31-cgu.09.rcgu.o)
/private/tmp/scarlet-c-startup-rv64-private-build/riscv64gc-unknown-scarlet/release/libscarlet_c.a(std-e4c1db5b3c9edd05.std.26666656b8ed8f31-cgu.10.rcgu.o)
/private/tmp/scarlet-c-startup-rv64-private-build/riscv64gc-unknown-scarlet/release/libscarlet_c.a(std-e4c1db5b3c9edd05.std.26666656b8ed8f31-cgu.11.rcgu.o)
/private/tmp/scarlet-c-startup-rv64-private-build/riscv64gc-unknown-scarlet/release/libscarlet_c.a(std-e4c1db5b3c9edd05.std.26666656b8ed8f31-cgu.12.rcgu.o)
/private/tmp/scarlet-c-startup-rv64-private-build/riscv64gc-unknown-scarlet/release/libscarlet_c.a(std-e4c1db5b3c9edd05.std.26666656b8ed8f31-cgu.13.rcgu.o)
/private/tmp/scarlet-c-startup-rv64-private-build/riscv64gc-unknown-scarlet/release/libscarlet_c.a(std-e4c1db5b3c9edd05.std.26666656b8ed8f31-cgu.14.rcgu.o)
/private/tmp/scarlet-c-startup-rv64-private-build/riscv64gc-unknown-scarlet/release/libscarlet_c.a(std-e4c1db5b3c9edd05.std.26666656b8ed8f31-cgu.15.rcgu.o)
/private/tmp/scarlet-c-startup-rv64-private-build/riscv64gc-unknown-scarlet/release/libscarlet_c.a(panic_abort-e557b216468e8f40.panic_abort.39d04e7890885eb3-cgu.0.rcgu.o)
/private/tmp/scarlet-c-startup-rv64-private-build/riscv64gc-unknown-scarlet/release/libscarlet_c.a(rustc_demangle-946b5c0999935f99.rustc_demangle.6a2b8dd05dd2b4e8-cgu.2.rcgu.o)
/private/tmp/scarlet-c-startup-rv64-private-build/riscv64gc-unknown-scarlet/release/libscarlet_c.a(rustc_demangle-946b5c0999935f99.rustc_demangle.6a2b8dd05dd2b4e8-cgu.1.rcgu.o)
/private/tmp/scarlet-c-startup-rv64-private-build/riscv64gc-unknown-scarlet/release/libscarlet_c.a(rustc_demangle-946b5c0999935f99.rustc_demangle.6a2b8dd05dd2b4e8-cgu.0.rcgu.o)
/private/tmp/scarlet-c-startup-rv64-private-build/riscv64gc-unknown-scarlet/release/libscarlet_c.a(rustc_demangle-946b5c0999935f99.rustc_demangle.6a2b8dd05dd2b4e8-cgu.3.rcgu.o)
/private/tmp/scarlet-c-startup-rv64-private-build/riscv64gc-unknown-scarlet/release/libscarlet_c.a(rustc_demangle-946b5c0999935f99.rustc_demangle.6a2b8dd05dd2b4e8-cgu.4.rcgu.o)
/private/tmp/scarlet-c-startup-rv64-private-build/riscv64gc-unknown-scarlet/release/libscarlet_c.a(rustc_demangle-946b5c0999935f99.rustc_demangle.6a2b8dd05dd2b4e8-cgu.5.rcgu.o)
/private/tmp/scarlet-c-startup-rv64-private-build/riscv64gc-unknown-scarlet/release/libscarlet_c.a(rustc_demangle-946b5c0999935f99.rustc_demangle.6a2b8dd05dd2b4e8-cgu.6.rcgu.o)
/private/tmp/scarlet-c-startup-rv64-private-build/riscv64gc-unknown-scarlet/release/libscarlet_c.a(rustc_demangle-946b5c0999935f99.rustc_demangle.6a2b8dd05dd2b4e8-cgu.7.rcgu.o)
/private/tmp/scarlet-c-startup-rv64-private-build/riscv64gc-unknown-scarlet/release/libscarlet_c.a(rustc_demangle-946b5c0999935f99.rustc_demangle.6a2b8dd05dd2b4e8-cgu.8.rcgu.o)
/private/tmp/scarlet-c-startup-rv64-private-build/riscv64gc-unknown-scarlet/release/libscarlet_c.a(hashbrown-ed8cad6949f677bf.hashbrown.44ccd07fa2e82ac0-cgu.0.rcgu.o)
/private/tmp/scarlet-c-startup-rv64-private-build/riscv64gc-unknown-scarlet/release/libscarlet_c.a(alloc-924a2ed2125bc204.alloc.bd6859982a07c354-cgu.00.rcgu.o)
/private/tmp/scarlet-c-startup-rv64-private-build/riscv64gc-unknown-scarlet/release/libscarlet_c.a(alloc-924a2ed2125bc204.alloc.bd6859982a07c354-cgu.03.rcgu.o)
/private/tmp/scarlet-c-startup-rv64-private-build/riscv64gc-unknown-scarlet/release/libscarlet_c.a(alloc-924a2ed2125bc204.alloc.bd6859982a07c354-cgu.04.rcgu.o)
/private/tmp/scarlet-c-startup-rv64-private-build/riscv64gc-unknown-scarlet/release/libscarlet_c.a(alloc-924a2ed2125bc204.alloc.bd6859982a07c354-cgu.05.rcgu.o)
/private/tmp/scarlet-c-startup-rv64-private-build/riscv64gc-unknown-scarlet/release/libscarlet_c.a(alloc-924a2ed2125bc204.alloc.bd6859982a07c354-cgu.07.rcgu.o)
/private/tmp/scarlet-c-startup-rv64-private-build/riscv64gc-unknown-scarlet/release/libscarlet_c.a(alloc-924a2ed2125bc204.alloc.bd6859982a07c354-cgu.08.rcgu.o)
/private/tmp/scarlet-c-startup-rv64-private-build/riscv64gc-unknown-scarlet/release/libscarlet_c.a(alloc-924a2ed2125bc204.alloc.bd6859982a07c354-cgu.09.rcgu.o)
/private/tmp/scarlet-c-startup-rv64-private-build/riscv64gc-unknown-scarlet/release/libscarlet_c.a(alloc-924a2ed2125bc204.alloc.bd6859982a07c354-cgu.10.rcgu.o)
/private/tmp/scarlet-c-startup-rv64-private-build/riscv64gc-unknown-scarlet/release/libscarlet_c.a(alloc-924a2ed2125bc204.alloc.bd6859982a07c354-cgu.02.rcgu.o)
/private/tmp/scarlet-c-startup-rv64-private-build/riscv64gc-unknown-scarlet/release/libscarlet_c.a(alloc-924a2ed2125bc204.alloc.bd6859982a07c354-cgu.12.rcgu.o)
/private/tmp/scarlet-c-startup-rv64-private-build/riscv64gc-unknown-scarlet/release/libscarlet_c.a(alloc-924a2ed2125bc204.alloc.bd6859982a07c354-cgu.13.rcgu.o)
/private/tmp/scarlet-c-startup-rv64-private-build/riscv64gc-unknown-scarlet/release/libscarlet_c.a(alloc-924a2ed2125bc204.alloc.bd6859982a07c354-cgu.14.rcgu.o)
/private/tmp/scarlet-c-startup-rv64-private-build/riscv64gc-unknown-scarlet/release/libscarlet_c.a(alloc-924a2ed2125bc204.alloc.bd6859982a07c354-cgu.15.rcgu.o)
/private/tmp/scarlet-c-startup-rv64-private-build/riscv64gc-unknown-scarlet/release/libscarlet_c.a(core-25c576c48c06cd82.core.9a91bd3b08e949ec-cgu.01.rcgu.o)
/private/tmp/scarlet-c-startup-rv64-private-build/riscv64gc-unknown-scarlet/release/libscarlet_c.a(core-25c576c48c06cd82.core.9a91bd3b08e949ec-cgu.02.rcgu.o)
/private/tmp/scarlet-c-startup-rv64-private-build/riscv64gc-unknown-scarlet/release/libscarlet_c.a(core-25c576c48c06cd82.core.9a91bd3b08e949ec-cgu.03.rcgu.o)
/private/tmp/scarlet-c-startup-rv64-private-build/riscv64gc-unknown-scarlet/release/libscarlet_c.a(core-25c576c48c06cd82.core.9a91bd3b08e949ec-cgu.04.rcgu.o)
/private/tmp/scarlet-c-startup-rv64-private-build/riscv64gc-unknown-scarlet/release/libscarlet_c.a(core-25c576c48c06cd82.core.9a91bd3b08e949ec-cgu.05.rcgu.o)
/private/tmp/scarlet-c-startup-rv64-private-build/riscv64gc-unknown-scarlet/release/libscarlet_c.a(core-25c576c48c06cd82.core.9a91bd3b08e949ec-cgu.06.rcgu.o)
/private/tmp/scarlet-c-startup-rv64-private-build/riscv64gc-unknown-scarlet/release/libscarlet_c.a(core-25c576c48c06cd82.core.9a91bd3b08e949ec-cgu.08.rcgu.o)
/private/tmp/scarlet-c-startup-rv64-private-build/riscv64gc-unknown-scarlet/release/libscarlet_c.a(core-25c576c48c06cd82.core.9a91bd3b08e949ec-cgu.09.rcgu.o)
/private/tmp/scarlet-c-startup-rv64-private-build/riscv64gc-unknown-scarlet/release/libscarlet_c.a(core-25c576c48c06cd82.core.9a91bd3b08e949ec-cgu.10.rcgu.o)
/private/tmp/scarlet-c-startup-rv64-private-build/riscv64gc-unknown-scarlet/release/libscarlet_c.a(core-25c576c48c06cd82.core.9a91bd3b08e949ec-cgu.12.rcgu.o)
/private/tmp/scarlet-c-startup-rv64-private-build/riscv64gc-unknown-scarlet/release/libscarlet_c.a(core-25c576c48c06cd82.core.9a91bd3b08e949ec-cgu.13.rcgu.o)
/private/tmp/scarlet-c-startup-rv64-private-build/riscv64gc-unknown-scarlet/release/libscarlet_c.a(core-25c576c48c06cd82.core.9a91bd3b08e949ec-cgu.00.rcgu.o)
/private/tmp/scarlet-c-startup-rv64-private-build/riscv64gc-unknown-scarlet/release/libscarlet_c.a(core-25c576c48c06cd82.core.9a91bd3b08e949ec-cgu.11.rcgu.o)
/private/tmp/scarlet-c-startup-rv64-private-build/riscv64gc-unknown-scarlet/release/libscarlet_c.a(core-25c576c48c06cd82.core.9a91bd3b08e949ec-cgu.14.rcgu.o)
/private/tmp/scarlet-c-startup-rv64-private-build/riscv64gc-unknown-scarlet/release/libscarlet_c.a(core-25c576c48c06cd82.core.9a91bd3b08e949ec-cgu.15.rcgu.o)
/private/tmp/scarlet-c-startup-rv64-private-build/riscv64gc-unknown-scarlet/release/libscarlet_c.a(compiler_builtins-cbb6557cac5202c6.compiler_builtins.b6e268674fc408fb-cgu.106.rcgu.o)
/private/tmp/scarlet-c-startup-rv64-private-build/riscv64gc-unknown-scarlet/release/libscarlet_c.a(compiler_builtins-cbb6557cac5202c6.compiler_builtins.b6e268674fc408fb-cgu.134.rcgu.o)
/private/tmp/scarlet-c-startup-rv64-private-build/riscv64gc-unknown-scarlet/release/libscarlet_c.a(compiler_builtins-cbb6557cac5202c6.compiler_builtins.b6e268674fc408fb-cgu.164.rcgu.o)
/private/tmp/scarlet-c-startup-rv64-private-build/riscv64gc-unknown-scarlet/release/libscarlet_c.a(compiler_builtins-cbb6557cac5202c6.compiler_builtins.b6e268674fc408fb-cgu.012.rcgu.o)
/private/tmp/scarlet-c-startup-rv64-private-build/riscv64gc-unknown-scarlet/release/libscarlet_c.a(compiler_builtins-cbb6557cac5202c6.compiler_builtins.b6e268674fc408fb-cgu.193.rcgu.o)
/private/tmp/scarlet-c-startup-rv64-private-build/riscv64gc-unknown-scarlet/release/libscarlet_c.a(compiler_builtins-cbb6557cac5202c6.compiler_builtins.b6e268674fc408fb-cgu.004.rcgu.o)
/private/tmp/scarlet-c-startup-rv64-private-build/riscv64gc-unknown-scarlet/release/libscarlet_c.a(compiler_builtins-cbb6557cac5202c6.compiler_builtins.b6e268674fc408fb-cgu.206.rcgu.o)
/private/tmp/scarlet-c-startup-rv64-private-build/riscv64gc-unknown-scarlet/release/libscarlet_c.a(compiler_builtins-cbb6557cac5202c6.compiler_builtins.b6e268674fc408fb-cgu.009.rcgu.o)
/private/tmp/scarlet-c-startup-rv64-private-build/riscv64gc-unknown-scarlet/release/libscarlet_c.a(compiler_builtins-cbb6557cac5202c6.compiler_builtins.b6e268674fc408fb-cgu.215.rcgu.o)
/private/tmp/scarlet-c-startup-rv64-private-build/riscv64gc-unknown-scarlet/release/libscarlet_c.a(compiler_builtins-cbb6557cac5202c6.compiler_builtins.b6e268674fc408fb-cgu.033.rcgu.o)
/private/tmp/scarlet-c-startup-rv64-private-build/riscv64gc-unknown-scarlet/release/libscarlet_c.a(compiler_builtins-cbb6557cac5202c6.compiler_builtins.b6e268674fc408fb-cgu.032.rcgu.o)
/private/tmp/scarlet-c-startup-rv64-private-build/riscv64gc-unknown-scarlet/release/libscarlet_c.a(compiler_builtins-cbb6557cac5202c6.compiler_builtins.b6e268674fc408fb-cgu.284.rcgu.o)
/private/tmp/scarlet-c-startup-rv64-private-build/riscv64gc-unknown-scarlet/release/libscarlet_c.a(compiler_builtins-cbb6557cac5202c6.compiler_builtins.b6e268674fc408fb-cgu.329.rcgu.o)
